// Jest Snapshot v1, https://goo.gl/fbAQLP

exports[`src/components/elements/Heading render 1`] = `
<h3
  className=""
>
  Text
</h3>
`;
